
> metatry-front@0.0.0 test
> ng test --watch=false

- Generating browser application bundles (phase: setup)...
✔ Browser application bundle generation complete.
[32m01 06 2026 11:20:40.018:INFO [karma-server]: [39mKarma v6.4.4 server started at http://localhost:9876/
[32m01 06 2026 11:20:40.021:INFO [launcher]: [39mLaunching browsers Chrome with concurrency unlimited
[32m01 06 2026 11:20:40.036:INFO [launcher]: [39mStarting browser Chrome
[32m01 06 2026 11:20:42.033:INFO [Chrome 148.0.0.0 (Windows 10)]: [39mConnected on socket 7mApEwUL2aTVn1yzAAAB with id 75045591
Chrome 148.0.0.0 (Windows 10): Executed 0 of 44[32m SUCCESS[39m (0 secs / 0 secs)
[1A[2KChrome 148.0.0.0 (Windows 10): Executed 1 of 44[32m SUCCESS[39m (0 secs / 0.181 secs)
[1A[2KChrome 148.0.0.0 (Windows 10): Executed 2 of 44[32m SUCCESS[39m (0 secs / 0.187 secs)
[1A[2KChrome 148.0.0.0 (Windows 10): Executed 3 of 44[32m SUCCESS[39m (0 secs / 0.191 secs)
[1A[2KChrome 148.0.0.0 (Windows 10): Executed 4 of 44[32m SUCCESS[39m (0 secs / 0.194 secs)
[1A[2KChrome 148.0.0.0 (Windows 10): Executed 5 of 44[32m SUCCESS[39m (0 secs / 0.273 secs)
[1A[2KChrome 148.0.0.0 (Windows 10): Executed 6 of 44[32m SUCCESS[39m (0 secs / 0.277 secs)
[1A[2KChrome 148.0.0.0 (Windows 10): Executed 7 of 44[32m SUCCESS[39m (0 secs / 0.28 secs)
[1A[2KChrome 148.0.0.0 (Windows 10): Executed 8 of 44[32m SUCCESS[39m (0 secs / 0.282 secs)
[1A[2KChrome 148.0.0.0 (Windows 10): Executed 9 of 44[32m SUCCESS[39m (0 secs / 0.285 secs)
[1A[2KChrome 148.0.0.0 (Windows 10): Executed 10 of 44[32m SUCCESS[39m (0 secs / 0.288 secs)
[1A[2KChrome 148.0.0.0 (Windows 10): Executed 11 of 44[32m SUCCESS[39m (0 secs / 0.29 secs)
[1A[2KChrome 148.0.0.0 (Windows 10): Executed 12 of 44[32m SUCCESS[39m (0 secs / 0.292 secs)
[1A[2KChrome 148.0.0.0 (Windows 10): Executed 13 of 44[32m SUCCESS[39m (0 secs / 0.293 secs)
[1A[2KChrome 148.0.0.0 (Windows 10): Executed 14 of 44[32m SUCCESS[39m (0 secs / 0.337 secs)
[1A[2KChrome 148.0.0.0 (Windows 10): Executed 15 of 44[32m SUCCESS[39m (0 secs / 0.341 secs)
[1A[2KChrome 148.0.0.0 (Windows 10): Executed 16 of 44[32m SUCCESS[39m (0 secs / 0.344 secs)
[1A[2KChrome 148.0.0.0 (Windows 10): Executed 17 of 44[32m SUCCESS[39m (0 secs / 0.347 secs)
[1A[2KChrome 148.0.0.0 (Windows 10): Executed 18 of 44[32m SUCCESS[39m (0 secs / 0.349 secs)
[1A[2KChrome 148.0.0.0 (Windows 10): Executed 19 of 44[32m SUCCESS[39m (0 secs / 0.35 secs)
[1A[2KChrome 148.0.0.0 (Windows 10): Executed 20 of 44[32m SUCCESS[39m (0 secs / 0.352 secs)
[1A[2KChrome 148.0.0.0 (Windows 10): Executed 21 of 44[32m SUCCESS[39m (0 secs / 0.353 secs)
[1A[2KChrome 148.0.0.0 (Windows 10): Executed 22 of 44[32m SUCCESS[39m (0 secs / 0.355 secs)
[1A[2KChrome 148.0.0.0 (Windows 10): Executed 23 of 44[32m SUCCESS[39m (0 secs / 0.357 secs)
[1A[2KChrome 148.0.0.0 (Windows 10): Executed 24 of 44[32m SUCCESS[39m (0 secs / 0.36 secs)
[1A[2KChrome 148.0.0.0 (Windows 10): Executed 25 of 44[32m SUCCESS[39m (0 secs / 0.362 secs)
[1A[2KChrome 148.0.0.0 (Windows 10): Executed 26 of 44[32m SUCCESS[39m (0 secs / 0.363 secs)
[1A[2KChrome 148.0.0.0 (Windows 10): Executed 27 of 44[32m SUCCESS[39m (0 secs / 0.365 secs)
[1A[2KChrome 148.0.0.0 (Windows 10): Executed 28 of 44[32m SUCCESS[39m (0 secs / 0.452 secs)
[1A[2KChrome 148.0.0.0 (Windows 10): Executed 29 of 44[32m SUCCESS[39m (0 secs / 0.467 secs)
[1A[2KChrome 148.0.0.0 (Windows 10): Executed 30 of 44[32m SUCCESS[39m (0 secs / 0.526 secs)
[1A[2KChrome 148.0.0.0 (Windows 10): Executed 31 of 44[32m SUCCESS[39m (0 secs / 0.529 secs)
[1A[2KChrome 148.0.0.0 (Windows 10): Executed 32 of 44[32m SUCCESS[39m (0 secs / 0.531 secs)
[1A[2KChrome 148.0.0.0 (Windows 10): Executed 33 of 44[32m SUCCESS[39m (0 secs / 0.534 secs)
[1A[2KChrome 148.0.0.0 (Windows 10): Executed 34 of 44[32m SUCCESS[39m (0 secs / 0.535 secs)
[1A[2KChrome 148.0.0.0 (Windows 10): Executed 35 of 44[32m SUCCESS[39m (0 secs / 0.537 secs)
[1A[2KChrome 148.0.0.0 (Windows 10): Executed 36 of 44[32m SUCCESS[39m (0 secs / 0.541 secs)
[1A[2KChrome 148.0.0.0 (Windows 10): Executed 37 of 44[32m SUCCESS[39m (0 secs / 0.543 secs)
[1A[2KChrome 148.0.0.0 (Windows 10): Executed 38 of 44[32m SUCCESS[39m (0 secs / 0.544 secs)
[1A[2KChrome 148.0.0.0 (Windows 10): Executed 39 of 44[32m SUCCESS[39m (0 secs / 0.545 secs)
[1A[2KChrome 148.0.0.0 (Windows 10): Executed 40 of 44[32m SUCCESS[39m (0 secs / 0.546 secs)
[1A[2KChrome 148.0.0.0 (Windows 10): Executed 41 of 44[32m SUCCESS[39m (0 secs / 0.547 secs)
[1A[2KChrome 148.0.0.0 (Windows 10): Executed 42 of 44[32m SUCCESS[39m (0 secs / 0.55 secs)
[1A[2KChrome 148.0.0.0 (Windows 10): Executed 43 of 44[32m SUCCESS[39m (0 secs / 0.555 secs)
[1A[2KChrome 148.0.0.0 (Windows 10): Executed 44 of 44[32m SUCCESS[39m (0 secs / 0.557 secs)
[1A[2KChrome 148.0.0.0 (Windows 10): Executed 44 of 44[32m SUCCESS[39m (0.647 secs / 0.557 secs)
[32mTOTAL: 44 SUCCESS[39m
✔ Browser application bundle generation complete.
✔ Browser application bundle generation complete.
